// Jest Snapshot v1, https://goo.gl/fbAQLP

exports[`Sticky should render 1`] = `
Array [
  <div>
    <div>
      content
    </div>
  </div>,
  <div
    className="pl"
    style={
      Object {
        "height": "0px",
      }
    }
  />,
]
`;
