// Jest Snapshot v1, https://goo.gl/fbAQLP

exports[`Form provider should render with children 1`] = `
<form
  className=""
  onSubmit={[Function]}
>
  <div>
    child component
  </div>
</form>
`;

exports[`Form provider should render with debug 1`] = `
<form
  className=""
  onSubmit={[Function]}
>
  <div>
    child component
  </div>
</form>
`;
