// Jest Snapshot v1, https://goo.gl/fbAQLP

exports[`BS3 Password type should render input password 1`] = `
<form
  className=""
  onSubmit={[Function]}
>
  <div
    className="form-group has-feedback"
  >
    <div
      className="col-sm-8"
    >
      <input
        className="form-control"
        disabled={null}
        name="password"
        onBlur={[Function]}
        onChange={[Function]}
        onFocus={[Function]}
        type="password"
        value="password 0091"
      />
    </div>
    <span
      className="help-block"
    >
      What was your mothers maiden name?
    </span>
    <div
      className="clearfix"
    />
  </div>
</form>
`;
