// Jest Snapshot v1, https://goo.gl/fbAQLP

exports[`BS3 radio type should render input text 1`] = `
<form
  className=""
  onSubmit={[Function]}
>
  <div
    className="form-group has-feedback"
  >
    <div
      className="col-sm-8"
    >
      <div
        className="row"
      >
        <div
          className="col-sm-6"
        >
          <div
            className="radio"
          >
            <label
              title=""
            >
              <input
                checked={false}
                disabled={false}
                onChange={[Function]}
                type="radio"
              />
              choice 1
            </label>
          </div>
          <div
            className="radio"
          >
            <label
              title=""
            >
              <input
                checked={false}
                disabled={false}
                onChange={[Function]}
                type="radio"
              />
              choice 2
            </label>
          </div>
        </div>
        <div
          className="col-sm-6"
        >
          <div
            className="radio"
          >
            <label
              title=""
            >
              <input
                checked={false}
                disabled={false}
                onChange={[Function]}
                type="radio"
              />
              choice 3
            </label>
          </div>
          <div
            className="radio"
          >
            <label
              title=""
            >
              <input
                checked={false}
                disabled={false}
                onChange={[Function]}
                type="radio"
              />
              choice 4
            </label>
          </div>
        </div>
      </div>
    </div>
    <span
      className="help-block"
    >
      What was your mothers maiden name?
    </span>
    <div
      className="clearfix"
    />
  </div>
</form>
`;
