// Jest Snapshot v1, https://goo.gl/fbAQLP

exports[`Message should display success a message 1`] = `
<form
  className=""
  onSubmit={[Function]}
/>
`;
