// Jest Snapshot v1, https://goo.gl/fbAQLP

exports[`BS3 Password type should render input password 1`] = `
<form
  className=""
  onSubmit={[Function]}
>
  <div
    className="form-group has-feedback"
  >
    <input
      className="form-control"
      name="password"
      onBlur={[Function]}
      onChange={[Function]}
      onFocus={[Function]}
      type="password"
      value="password 0091"
    />
    <span
      className="help-block"
    >
      What was your mothers maiden name?
    </span>
  </div>
</form>
`;
