// Jest Snapshot v1, https://goo.gl/fbAQLP

exports[`Rick should do it Watch Component should resolve data 1`] = `
<div>
  Rerenderd: 
  1
   
  {"users":{"results":["cat.jpg"]}}
</div>
`;
